// Jest Snapshot v1, https://goo.gl/fbAQLP

exports[`firebase reducer default 1`] = `
Object {
  "auth": false,
}
`;
