// Jest Snapshot v1, https://goo.gl/fbAQLP

exports[`store actions 1`] = `
Object {
  "firebase": Object {
    "auth": true,
  },
  "web3": Object {
    "account": "0x0000000000000000000000000000000000000000",
    "network": 0,
  },
}
`;
